{
  "members": {
    "data": [
      {
        "imis_id": "5962"
      }
    ],
    "total_hits": 1
  }
}
