{
  "data": [
    {
      "first_name": "Ka",
      "imis_id": "1337",
      "last_name": "Mok"
    }
  ],
  "total_hits": 1
}